{
  "name": "\"eleaf\"",
  "span": {
    "s": 0,
    "e": 14
  },
  "types": [
    {
      "name": "Node",
      "name_span": {
        "s": 21,
        "e": 25
      },
      "props": [
        {
          "name": "id",
          "constraint": {
            "kind": "String",
            "span": {
              "s": 32,
              "e": 38
            }
          },
          "primary": true,
          "span": {
            "s": 29,
            "e": 46
          }
        }
      ],
      "span": {
        "s": 16,
        "e": 48
      }
    }
  ]
}
