{
  "name": "\"rightbase\"",
  "span": {
    "s": 0,
    "e": 18
  },
  "types": [
    {
      "name": "Node",
      "name_span": {
        "s": 25,
        "e": 29
      },
      "props": [
        {
          "name": "id",
          "constraint": {
            "kind": "String",
            "span": {
              "s": 36,
              "e": 42
            }
          },
          "primary": true,
          "span": {
            "s": 33,
            "e": 50
          }
        }
      ],
      "span": {
        "s": 20,
        "e": 52
      }
    }
  ]
}
