{
  "name": "\"p\"",
  "span": {
    "s": 0,
    "e": 10
  },
  "types": [
    {
      "name": "T",
      "name_span": {
        "s": 17,
        "e": 18
      },
      "props": [
        {
          "name": "id",
          "constraint": {
            "kind": "String",
            "span": {
              "s": 62,
              "e": 68
            }
          },
          "primary": true,
          "span": {
            "s": 59,
            "e": 76
          }
        }
      ],
      "span": {
        "s": 12,
        "e": 109
      }
    }
  ]
}
