{
  "name": "\"test\"",
  "span": {
    "s": 0,
    "e": 13
  },
  "types": [
    {
      "name": "Person",
      "name_span": {
        "s": 58,
        "e": 64
      },
      "doc": "This is a\nmultiline doc\ncomment",
      "props": [
        {
          "name": "name",
          "constraint": {
            "kind": "String",
            "span": {
              "s": 73,
              "e": 79
            }
          },
          "span": {
            "s": 68,
            "e": 79
          }
        }
      ],
      "span": {
        "s": 15,
        "e": 81
      }
    }
  ]
}
