{
  "$diagnostics": {
    "unresolved": [
      {
        "relation": "employer",
        "source_key": [
          "p1"
        ],
        "source_type": "Person",
        "target_key": [
          "missing-company"
        ],
        "target_type": "Company"
      }
    ]
  },
  "Person": [
    {
      "id": "p1",
      "name": "Alice"
    }
  ]
}
