{
  "name": "\"g11\"",
  "span": {
    "s": 0,
    "e": 12
  },
  "types": [
    {
      "name": "T",
      "name_span": {
        "s": 220,
        "e": 221
      },
      "props": [
        {
          "name": "id",
          "constraint": {
            "kind": "String",
            "span": {
              "s": 231,
              "e": 237
            }
          },
          "primary": true,
          "span": {
            "s": 225,
            "e": 245
          }
        },
        {
          "name": "state",
          "constraint": {
            "kind": "Enum",
            "args": [
              "\"pending_review\"",
              "\"approved\"",
              "\"rejected\"",
              "\"needs_revision\"",
              "\"escalated\"",
              "\"archived\""
            ],
            "span": {
              "s": 253,
              "e": 342
            }
          },
          "anns": [
            {
              "name": "index",
              "span": {
                "s": 343,
                "e": 349
              }
            }
          ],
          "span": {
            "s": 247,
            "e": 349
          }
        }
      ],
      "span": {
        "s": 215,
        "e": 351
      }
    }
  ]
}
