{
  "name": "\"g1\"",
  "span": {
    "s": 0,
    "e": 11
  },
  "types": [
    {
      "name": "T",
      "name_span": {
        "s": 235,
        "e": 236
      },
      "props": [
        {
          "name": "id",
          "constraint": {
            "kind": "String",
            "span": {
              "s": 247,
              "e": 253
            }
          },
          "primary": true,
          "span": {
            "s": 240,
            "e": 261
          }
        },
        {
          "name": "status",
          "constraint": {
            "kind": "Enum",
            "args": [
              "'alpha,one'",
              "\"beta\"",
              "\"gamma\"",
              "\"delta\"",
              "\"epsilon\"",
              "\"zeta\"",
              "\"eta\"",
              "\"theta\"",
              "\"iota\""
            ],
            "span": {
              "s": 270,
              "e": 356
            }
          },
          "required": true,
          "span": {
            "s": 263,
            "e": 365
          }
        }
      ],
      "span": {
        "s": 230,
        "e": 367
      }
    }
  ]
}
