{
  "name": "\"g4\"",
  "span": {
    "s": 0,
    "e": 11
  },
  "types": [
    {
      "name": "T",
      "name_span": {
        "s": 215,
        "e": 216
      },
      "props": [
        {
          "name": "id",
          "constraint": {
            "kind": "String",
            "span": {
              "s": 226,
              "e": 232
            }
          },
          "primary": true,
          "span": {
            "s": 220,
            "e": 240
          }
        },
        {
          "name": "left",
          "constraint": {
            "kind": "Integer",
            "span": {
              "s": 248,
              "e": 255
            }
          },
          "span": {
            "s": 242,
            "e": 255
          }
        },
        {
          "name": "right",
          "constraint": {
            "kind": "Integer",
            "span": {
              "s": 263,
              "e": 270
            }
          },
          "span": {
            "s": 257,
            "e": 270
          }
        }
      ],
      "invariants": [
        {
          "msg": "\"left and right must both be positive and bounded\"",
          "expr": "(\u0026\u0026 (\u0026\u0026 (\u003e (. ($ \"self\") \"left\") 0) (\u003e (. ($ \"self\") \"right\") 0)) (\u003c (. ($ \"self\") \"left\") 1000))",
          "expr_span": {
            "s": 326,
            "e": 380
          },
          "span": {
            "s": 273,
            "e": 380
          }
        }
      ],
      "span": {
        "s": 210,
        "e": 397
      }
    }
  ]
}
