{
  "name": "\"g5\"",
  "span": {
    "s": 0,
    "e": 11
  },
  "types": [
    {
      "name": "T",
      "name_span": {
        "s": 169,
        "e": 170
      },
      "props": [
        {
          "name": "id",
          "constraint": {
            "kind": "String",
            "span": {
              "s": 181,
              "e": 187
            }
          },
          "primary": true,
          "span": {
            "s": 174,
            "e": 195
          }
        },
        {
          "name": "status",
          "constraint": {
            "kind": "Enum",
            "args": [
              "\"alpha\"",
              "\"c]d\""
            ],
            "span": {
              "s": 204,
              "e": 229
            }
          },
          "required": true,
          "span": {
            "s": 197,
            "e": 238
          }
        }
      ],
      "span": {
        "s": 164,
        "e": 240
      }
    }
  ]
}
