{
  "name": "\"bench_relations\"",
  "span": {
    "s": 107,
    "e": 131
  },
  "types": [
    {
      "name": "Warehouse",
      "name_span": {
        "s": 138,
        "e": 147
      },
      "props": [
        {
          "name": "id",
          "constraint": {
            "kind": "String",
            "span": {
              "s": 154,
              "e": 160
            }
          },
          "primary": true,
          "span": {
            "s": 151,
            "e": 168
          }
        },
        {
          "name": "name",
          "constraint": {
            "kind": "String",
            "span": {
              "s": 175,
              "e": 181
            }
          },
          "required": true,
          "span": {
            "s": 170,
            "e": 190
          }
        }
      ],
      "rels": [
        {
          "kind": "assoc",
          "name": "SUPPLIES",
          "name_span": {
            "s": 197,
            "e": 205
          },
          "target": {
            "name": "Depot",
            "span": {
              "s": 213,
              "e": 218
            }
          },
          "optional": true,
          "many": true,
          "span": {
            "s": 193,
            "e": 218
          }
        },
        {
          "kind": "comp",
          "name": "BAYS",
          "name_span": {
            "s": 224,
            "e": 228
          },
          "target": {
            "name": "Bay",
            "span": {
              "s": 236,
              "e": 239
            }
          },
          "optional": true,
          "many": true,
          "span": {
            "s": 220,
            "e": 239
          }
        }
      ],
      "span": {
        "s": 133,
        "e": 241
      }
    },
    {
      "name": "Depot",
      "name_span": {
        "s": 248,
        "e": 253
      },
      "props": [
        {
          "name": "id",
          "constraint": {
            "kind": "String",
            "span": {
              "s": 260,
              "e": 266
            }
          },
          "primary": true,
          "span": {
            "s": 257,
            "e": 274
          }
        },
        {
          "name": "name",
          "constraint": {
            "kind": "String",
            "span": {
              "s": 281,
              "e": 287
            }
          },
          "required": true,
          "span": {
            "s": 276,
            "e": 296
          }
        },
        {
          "name": "region",
          "constraint": {
            "kind": "String",
            "args": [
              "2",
              "2"
            ],
            "span": {
              "s": 305,
              "e": 317
            }
          },
          "required": true,
          "span": {
            "s": 298,
            "e": 326
          }
        }
      ],
      "rels": [
        {
          "kind": "assoc",
          "name": "NEAREST",
          "name_span": {
            "s": 333,
            "e": 340
          },
          "target": {
            "name": "Warehouse",
            "span": {
              "s": 347,
              "e": 356
            }
          },
          "span": {
            "s": 329,
            "e": 356
          }
        },
        {
          "kind": "assoc",
          "name": "PEERS",
          "name_span": {
            "s": 362,
            "e": 367
          },
          "target": {
            "name": "Depot",
            "span": {
              "s": 377,
              "e": 382
            }
          },
          "optional": true,
          "many": true,
          "span": {
            "s": 358,
            "e": 382
          }
        },
        {
          "kind": "assoc",
          "name": "CARRIES",
          "name_span": {
            "s": 388,
            "e": 395
          },
          "target": {
            "name": "Item",
            "span": {
              "s": 403,
              "e": 407
            }
          },
          "optional": true,
          "many": true,
          "props": [
            {
              "name": "quantity",
              "constraint": {
                "kind": "Integer",
                "span": {
                  "s": 421,
                  "e": 428
                }
              },
              "required": true,
              "span": {
                "s": 412,
                "e": 437
              }
            },
            {
              "name": "reserved",
              "constraint": {
                "kind": "Integer",
                "span": {
                  "s": 449,
                  "e": 456
                }
              },
              "span": {
                "s": 440,
                "e": 456
              }
            },
            {
              "name": "added_at",
              "constraint": {
                "kind": "Timestamp",
                "span": {
                  "s": 468,
                  "e": 477
                }
              },
              "span": {
                "s": 459,
                "e": 477
              }
            }
          ],
          "span": {
            "s": 384,
            "e": 480
          }
        },
        {
          "kind": "comp",
          "name": "DOCKS",
          "name_span": {
            "s": 486,
            "e": 491
          },
          "target": {
            "name": "Dock",
            "span": {
              "s": 496,
              "e": 500
            }
          },
          "optional": true,
          "span": {
            "s": 482,
            "e": 500
          }
        }
      ],
      "span": {
        "s": 243,
        "e": 502
      }
    },
    {
      "name": "Bay",
      "name_span": {
        "s": 514,
        "e": 517
      },
      "part": true,
      "props": [
        {
          "name": "id",
          "constraint": {
            "kind": "String",
            "span": {
              "s": 524,
              "e": 530
            }
          },
          "primary": true,
          "span": {
            "s": 521,
            "e": 538
          }
        },
        {
          "name": "position",
          "constraint": {
            "kind": "Integer",
            "span": {
              "s": 549,
              "e": 556
            }
          },
          "required": true,
          "span": {
            "s": 540,
            "e": 565
          }
        }
      ],
      "span": {
        "s": 504,
        "e": 567
      }
    },
    {
      "name": "Dock",
      "name_span": {
        "s": 579,
        "e": 583
      },
      "part": true,
      "props": [
        {
          "name": "id",
          "constraint": {
            "kind": "String",
            "span": {
              "s": 590,
              "e": 596
            }
          },
          "primary": true,
          "span": {
            "s": 587,
            "e": 604
          }
        },
        {
          "name": "width",
          "constraint": {
            "kind": "Float",
            "span": {
              "s": 612,
              "e": 617
            }
          },
          "span": {
            "s": 606,
            "e": 617
          }
        }
      ],
      "span": {
        "s": 569,
        "e": 619
      }
    },
    {
      "name": "Item",
      "name_span": {
        "s": 626,
        "e": 630
      },
      "props": [
        {
          "name": "sku",
          "constraint": {
            "kind": "String",
            "span": {
              "s": 638,
              "e": 644
            }
          },
          "primary": true,
          "span": {
            "s": 634,
            "e": 652
          }
        },
        {
          "name": "title",
          "constraint": {
            "kind": "String",
            "args": [
              "1",
              "200"
            ],
            "span": {
              "s": 660,
              "e": 674
            }
          },
          "required": true,
          "span": {
            "s": 654,
            "e": 683
          }
        },
        {
          "name": "weight",
          "constraint": {
            "kind": "Float",
            "args": [
              "0.0",
              "_"
            ],
            "span": {
              "s": 692,
              "e": 705
            }
          },
          "span": {
            "s": 685,
            "e": 705
          }
        }
      ],
      "rels": [
        {
          "kind": "assoc",
          "name": "REPLACES",
          "name_span": {
            "s": 712,
            "e": 720
          },
          "target": {
            "name": "Item",
            "span": {
              "s": 731,
              "e": 735
            }
          },
          "span": {
            "s": 708,
            "e": 735
          }
        },
        {
          "kind": "assoc",
          "name": "VARIANTS",
          "name_span": {
            "s": 741,
            "e": 749
          },
          "target": {
            "name": "Item",
            "span": {
              "s": 761,
              "e": 765
            }
          },
          "many": true,
          "span": {
            "s": 737,
            "e": 765
          }
        }
      ],
      "span": {
        "s": 621,
        "e": 767
      }
    }
  ]
}
