{
  "name": "\"bench_wide\"",
  "doc": "A broad schema: inheritance, relations, invariants and annotations\n   together, at the size a real consumer schema reaches. It is the largest\n   file in this directory, so the largest-fixture benchmark selects it.",
  "span": {
    "s": 0,
    "e": 239
  },
  "datatypes": [
    {
      "name": "Slug",
      "constraint": {
        "kind": "String",
        "args": [
          "1",
          "64"
        ],
        "span": {
          "s": 253,
          "e": 266
        }
      },
      "span": {
        "s": 241,
        "e": 266
      }
    },
    {
      "name": "CountryCode",
      "constraint": {
        "kind": "String",
        "args": [
          "2",
          "2"
        ],
        "span": {
          "s": 286,
          "e": 298
        }
      },
      "span": {
        "s": 267,
        "e": 298
      }
    },
    {
      "name": "Currency",
      "constraint": {
        "kind": "Enum",
        "args": [
          "\"eur\"",
          "\"gbp\"",
          "\"jpy\"",
          "\"usd\""
        ],
        "span": {
          "s": 315,
          "e": 347
        }
      },
      "span": {
        "s": 299,
        "e": 347
      }
    },
    {
      "name": "Fraction",
      "constraint": {
        "kind": "Float",
        "args": [
          "0.0",
          "1.0"
        ],
        "span": {
          "s": 364,
          "e": 379
        }
      },
      "span": {
        "s": 348,
        "e": 379
      }
    }
  ],
  "types": [
    {
      "name": "Timestamped",
      "name_span": {
        "s": 395,
        "e": 406
      },
      "abstract": true,
      "props": [
        {
          "name": "created_at",
          "constraint": {
            "kind": "Timestamp",
            "span": {
              "s": 421,
              "e": 430
            }
          },
          "required": true,
          "anns": [
            {
              "name": "writeOnce",
              "span": {
                "s": 440,
                "e": 450
              }
            }
          ],
          "span": {
            "s": 410,
            "e": 450
          }
        },
        {
          "name": "updated_at",
          "constraint": {
            "kind": "Timestamp",
            "span": {
              "s": 463,
              "e": 472
            }
          },
          "span": {
            "s": 452,
            "e": 472
          }
        }
      ],
      "span": {
        "s": 381,
        "e": 474
      }
    },
    {
      "name": "Identified",
      "name_span": {
        "s": 490,
        "e": 500
      },
      "abstract": true,
      "extends": [
        {
          "name": "Timestamped",
          "span": {
            "s": 509,
            "e": 520
          }
        }
      ],
      "props": [
        {
          "name": "external_id",
          "constraint": {
            "kind": "UUID",
            "span": {
              "s": 536,
              "e": 540
            }
          },
          "anns": [
            {
              "name": "index",
              "span": {
                "s": 541,
                "e": 547
              }
            }
          ],
          "span": {
            "s": 524,
            "e": 547
          }
        },
        {
          "name": "slug",
          "constraint": {
            "kind": "Alias",
            "args": [
              "Slug"
            ],
            "span": {
              "s": 554,
              "e": 558
            }
          },
          "required": true,
          "anns": [
            {
              "name": "index",
              "span": {
                "s": 568,
                "e": 574
              }
            }
          ],
          "span": {
            "s": 549,
            "e": 574
          }
        }
      ],
      "span": {
        "s": 476,
        "e": 576
      }
    },
    {
      "name": "Organisation",
      "name_span": {
        "s": 583,
        "e": 595
      },
      "extends": [
        {
          "name": "Identified",
          "span": {
            "s": 604,
            "e": 614
          }
        }
      ],
      "props": [
        {
          "name": "org_id",
          "constraint": {
            "kind": "String",
            "span": {
              "s": 625,
              "e": 631
            }
          },
          "primary": true,
          "span": {
            "s": 618,
            "e": 639
          }
        },
        {
          "name": "name",
          "constraint": {
            "kind": "String",
            "args": [
              "1",
              "200"
            ],
            "span": {
              "s": 646,
              "e": 660
            }
          },
          "required": true,
          "span": {
            "s": 641,
            "e": 669
          }
        },
        {
          "name": "country",
          "constraint": {
            "kind": "Alias",
            "args": [
              "CountryCode"
            ],
            "span": {
              "s": 679,
              "e": 690
            }
          },
          "required": true,
          "anns": [
            {
              "name": "index",
              "span": {
                "s": 700,
                "e": 706
              }
            }
          ],
          "span": {
            "s": 671,
            "e": 706
          }
        },
        {
          "name": "currency",
          "constraint": {
            "kind": "Alias",
            "args": [
              "Currency"
            ],
            "span": {
              "s": 717,
              "e": 725
            }
          },
          "required": true,
          "span": {
            "s": 708,
            "e": 734
          }
        },
        {
          "name": "active",
          "constraint": {
            "kind": "Boolean",
            "span": {
              "s": 743,
              "e": 750
            }
          },
          "required": true,
          "span": {
            "s": 736,
            "e": 759
          }
        },
        {
          "name": "headcount",
          "constraint": {
            "kind": "Integer",
            "args": [
              "0",
              "_"
            ],
            "span": {
              "s": 771,
              "e": 784
            }
          },
          "span": {
            "s": 761,
            "e": 784
          }
        },
        {
          "name": "retired_at",
          "constraint": {
            "kind": "Timestamp",
            "span": {
              "s": 797,
              "e": 806
            }
          },
          "span": {
            "s": 786,
            "e": 806
          }
        }
      ],
      "rels": [
        {
          "kind": "assoc",
          "name": "OPERATES",
          "name_span": {
            "s": 813,
            "e": 821
          },
          "target": {
            "name": "Facility",
            "span": {
              "s": 829,
              "e": 837
            }
          },
          "optional": true,
          "many": true,
          "span": {
            "s": 809,
            "e": 837
          }
        },
        {
          "kind": "assoc",
          "name": "PARTNERS",
          "name_span": {
            "s": 843,
            "e": 851
          },
          "target": {
            "name": "Organisation",
            "span": {
              "s": 861,
              "e": 873
            }
          },
          "optional": true,
          "many": true,
          "span": {
            "s": 839,
            "e": 873
          }
        }
      ],
      "type_anns": [
        {
          "name": "index",
          "args": [
            {
              "kind": "ident",
              "text": "country",
              "span": {
                "s": 884,
                "e": 891
              }
            },
            {
              "kind": "ident",
              "text": "currency",
              "span": {
                "s": 893,
                "e": 901
              }
            }
          ],
          "has_parens": true,
          "span": {
            "s": 876,
            "e": 902
          }
        }
      ],
      "invariants": [
        {
          "msg": "\"an active organisation has no retirement stamp\"",
          "expr": "(|| (p \"active\") (!= (p \"retired_at\") nil))",
          "expr_span": {
            "s": 956,
            "e": 983
          },
          "span": {
            "s": 905,
            "e": 983
          }
        },
        {
          "msg": "\"the name is not blank\"",
          "expr": "(\u003e (Len (p \"name\") (args ) (params ) nil) 0)",
          "expr_span": {
            "s": 1011,
            "e": 1026
          },
          "span": {
            "s": 985,
            "e": 1026
          }
        }
      ],
      "span": {
        "s": 578,
        "e": 1028
      }
    },
    {
      "name": "Facility",
      "name_span": {
        "s": 1035,
        "e": 1043
      },
      "extends": [
        {
          "name": "Identified",
          "span": {
            "s": 1052,
            "e": 1062
          }
        }
      ],
      "props": [
        {
          "name": "facility_id",
          "constraint": {
            "kind": "String",
            "span": {
              "s": 1078,
              "e": 1084
            }
          },
          "primary": true,
          "span": {
            "s": 1066,
            "e": 1092
          }
        },
        {
          "name": "label",
          "constraint": {
            "kind": "String",
            "args": [
              "1",
              "200"
            ],
            "span": {
              "s": 1100,
              "e": 1114
            }
          },
          "required": true,
          "span": {
            "s": 1094,
            "e": 1123
          }
        },
        {
          "name": "country",
          "constraint": {
            "kind": "Alias",
            "args": [
              "CountryCode"
            ],
            "span": {
              "s": 1133,
              "e": 1144
            }
          },
          "required": true,
          "span": {
            "s": 1125,
            "e": 1153
          }
        },
        {
          "name": "capacity",
          "constraint": {
            "kind": "Integer",
            "args": [
              "1",
              "100000"
            ],
            "span": {
              "s": 1164,
              "e": 1182
            }
          },
          "required": true,
          "span": {
            "s": 1155,
            "e": 1191
          }
        },
        {
          "name": "utilisation",
          "constraint": {
            "kind": "Alias",
            "args": [
              "Fraction"
            ],
            "span": {
              "s": 1205,
              "e": 1213
            }
          },
          "required": true,
          "span": {
            "s": 1193,
            "e": 1222
          }
        },
        {
          "name": "open",
          "constraint": {
            "kind": "Boolean",
            "span": {
              "s": 1229,
              "e": 1236
            }
          },
          "required": true,
          "span": {
            "s": 1224,
            "e": 1245
          }
        }
      ],
      "rels": [
        {
          "kind": "assoc",
          "name": "SERVES",
          "name_span": {
            "s": 1252,
            "e": 1258
          },
          "target": {
            "name": "Route",
            "span": {
              "s": 1266,
              "e": 1271
            }
          },
          "optional": true,
          "many": true,
          "props": [
            {
              "name": "priority",
              "constraint": {
                "kind": "Integer",
                "span": {
                  "s": 1285,
                  "e": 1292
                }
              },
              "required": true,
              "span": {
                "s": 1276,
                "e": 1301
              }
            },
            {
              "name": "since",
              "constraint": {
                "kind": "Timestamp",
                "span": {
                  "s": 1310,
                  "e": 1319
                }
              },
              "span": {
                "s": 1304,
                "e": 1319
              }
            }
          ],
          "span": {
            "s": 1248,
            "e": 1322
          }
        },
        {
          "kind": "comp",
          "name": "ZONES",
          "name_span": {
            "s": 1328,
            "e": 1333
          },
          "target": {
            "name": "Zone",
            "span": {
              "s": 1341,
              "e": 1345
            }
          },
          "optional": true,
          "many": true,
          "span": {
            "s": 1324,
            "e": 1345
          }
        }
      ],
      "type_anns": [
        {
          "name": "index",
          "args": [
            {
              "kind": "ident",
              "text": "country",
              "span": {
                "s": 1356,
                "e": 1363
              }
            },
            {
              "kind": "ident",
              "text": "open",
              "span": {
                "s": 1365,
                "e": 1369
              }
            }
          ],
          "has_parens": true,
          "span": {
            "s": 1348,
            "e": 1370
          }
        }
      ],
      "invariants": [
        {
          "msg": "\"utilisation stays within the unit interval\"",
          "expr": "(\u0026\u0026 (\u003e= (p \"utilisation\") 0) (\u003c= (p \"utilisation\") 1))",
          "expr_span": {
            "s": 1420,
            "e": 1460
          },
          "span": {
            "s": 1373,
            "e": 1460
          }
        },
        {
          "msg": "\"an open facility has capacity\"",
          "expr": "(|| (== (p \"open\") false) (\u003e (p \"capacity\") 0))",
          "expr_span": {
            "s": 1496,
            "e": 1525
          },
          "span": {
            "s": 1462,
            "e": 1525
          }
        }
      ],
      "span": {
        "s": 1030,
        "e": 1527
      }
    },
    {
      "name": "Zone",
      "name_span": {
        "s": 1539,
        "e": 1543
      },
      "part": true,
      "props": [
        {
          "name": "zone_id",
          "constraint": {
            "kind": "String",
            "span": {
              "s": 1555,
              "e": 1561
            }
          },
          "primary": true,
          "span": {
            "s": 1547,
            "e": 1569
          }
        },
        {
          "name": "name",
          "constraint": {
            "kind": "String",
            "args": [
              "1",
              "120"
            ],
            "span": {
              "s": 1576,
              "e": 1590
            }
          },
          "required": true,
          "span": {
            "s": 1571,
            "e": 1599
          }
        },
        {
          "name": "floor",
          "constraint": {
            "kind": "Integer",
            "span": {
              "s": 1607,
              "e": 1614
            }
          },
          "required": true,
          "span": {
            "s": 1601,
            "e": 1623
          }
        },
        {
          "name": "area",
          "constraint": {
            "kind": "Float",
            "args": [
              "0.0",
              "_"
            ],
            "span": {
              "s": 1630,
              "e": 1643
            }
          },
          "span": {
            "s": 1625,
            "e": 1643
          }
        }
      ],
      "invariants": [
        {
          "msg": "\"the floor is not below ground level\"",
          "expr": "(\u003e= (p \"floor\") 0)",
          "expr_span": {
            "s": 1686,
            "e": 1696
          },
          "span": {
            "s": 1646,
            "e": 1696
          }
        }
      ],
      "span": {
        "s": 1529,
        "e": 1698
      }
    },
    {
      "name": "Route",
      "name_span": {
        "s": 1705,
        "e": 1710
      },
      "extends": [
        {
          "name": "Timestamped",
          "span": {
            "s": 1719,
            "e": 1730
          }
        }
      ],
      "props": [
        {
          "name": "route_id",
          "constraint": {
            "kind": "String",
            "span": {
              "s": 1743,
              "e": 1749
            }
          },
          "primary": true,
          "span": {
            "s": 1734,
            "e": 1757
          }
        },
        {
          "name": "origin",
          "constraint": {
            "kind": "Alias",
            "args": [
              "Slug"
            ],
            "span": {
              "s": 1766,
              "e": 1770
            }
          },
          "required": true,
          "anns": [
            {
              "name": "index",
              "span": {
                "s": 1780,
                "e": 1786
              }
            }
          ],
          "span": {
            "s": 1759,
            "e": 1786
          }
        },
        {
          "name": "destination",
          "constraint": {
            "kind": "Alias",
            "args": [
              "Slug"
            ],
            "span": {
              "s": 1800,
              "e": 1804
            }
          },
          "required": true,
          "anns": [
            {
              "name": "index",
              "span": {
                "s": 1814,
                "e": 1820
              }
            }
          ],
          "span": {
            "s": 1788,
            "e": 1820
          }
        },
        {
          "name": "distance_km",
          "constraint": {
            "kind": "Float",
            "args": [
              "0.0",
              "_"
            ],
            "span": {
              "s": 1834,
              "e": 1847
            }
          },
          "required": true,
          "span": {
            "s": 1822,
            "e": 1856
          }
        },
        {
          "name": "transit_days",
          "constraint": {
            "kind": "Integer",
            "args": [
              "0",
              "400"
            ],
            "span": {
              "s": 1871,
              "e": 1886
            }
          },
          "required": true,
          "span": {
            "s": 1858,
            "e": 1895
          }
        },
        {
          "name": "mode",
          "constraint": {
            "kind": "Enum",
            "args": [
              "\"air\"",
              "\"rail\"",
              "\"road\"",
              "\"sea\""
            ],
            "span": {
              "s": 1902,
              "e": 1936
            }
          },
          "required": true,
          "span": {
            "s": 1897,
            "e": 1945
          }
        },
        {
          "name": "tags",
          "constraint": {
            "kind": "List",
            "elem": {
              "kind": "Alias",
              "args": [
                "Slug"
              ],
              "span": {
                "s": 1957,
                "e": 1961
              }
            },
            "span": {
              "s": 1952,
              "e": 1962
            }
          },
          "span": {
            "s": 1947,
            "e": 1962
          }
        }
      ],
      "rels": [
        {
          "kind": "assoc",
          "name": "ALTERNATE",
          "name_span": {
            "s": 1969,
            "e": 1978
          },
          "target": {
            "name": "Route",
            "span": {
              "s": 1985,
              "e": 1990
            }
          },
          "span": {
            "s": 1965,
            "e": 1990
          }
        }
      ],
      "type_anns": [
        {
          "name": "index",
          "args": [
            {
              "kind": "ident",
              "text": "origin",
              "span": {
                "s": 2001,
                "e": 2007
              }
            },
            {
              "kind": "ident",
              "text": "destination",
              "span": {
                "s": 2009,
                "e": 2020
              }
            }
          ],
          "has_parens": true,
          "span": {
            "s": 1993,
            "e": 2021
          }
        },
        {
          "name": "index",
          "args": [
            {
              "kind": "ident",
              "text": "mode",
              "span": {
                "s": 2031,
                "e": 2035
              }
            },
            {
              "kind": "ident",
              "text": "transit_days",
              "span": {
                "s": 2037,
                "e": 2049
              }
            }
          ],
          "has_parens": true,
          "span": {
            "s": 2023,
            "e": 2050
          }
        }
      ],
      "invariants": [
        {
          "msg": "\"a route does not start where it ends\"",
          "expr": "(!= (p \"origin\") (p \"destination\"))",
          "expr_span": {
            "s": 2094,
            "e": 2115
          },
          "span": {
            "s": 2053,
            "e": 2115
          }
        },
        {
          "msg": "\"distance is positive\"",
          "expr": "(\u003e (p \"distance_km\") 0)",
          "expr_span": {
            "s": 2142,
            "e": 2159
          },
          "span": {
            "s": 2117,
            "e": 2159
          }
        },
        {
          "msg": "\"air routes are quick\"",
          "expr": "(|| (!= (p \"mode\") \"air\") (\u003c= (p \"transit_days\") 7))",
          "expr_span": {
            "s": 2186,
            "e": 2220
          },
          "span": {
            "s": 2161,
            "e": 2220
          }
        }
      ],
      "span": {
        "s": 1700,
        "e": 2222
      }
    },
    {
      "name": "Shipment",
      "name_span": {
        "s": 2229,
        "e": 2237
      },
      "extends": [
        {
          "name": "Identified",
          "span": {
            "s": 2246,
            "e": 2256
          }
        }
      ],
      "props": [
        {
          "name": "shipment_id",
          "constraint": {
            "kind": "String",
            "span": {
              "s": 2272,
              "e": 2278
            }
          },
          "primary": true,
          "span": {
            "s": 2260,
            "e": 2286
          }
        },
        {
          "name": "reference",
          "constraint": {
            "kind": "Pattern",
            "args": [
              "\"^[A-Z]{2}[0-9]{8}$\""
            ],
            "span": {
              "s": 2298,
              "e": 2327
            }
          },
          "required": true,
          "anns": [
            {
              "name": "index",
              "span": {
                "s": 2337,
                "e": 2343
              }
            }
          ],
          "span": {
            "s": 2288,
            "e": 2343
          }
        },
        {
          "name": "status",
          "constraint": {
            "kind": "Enum",
            "args": [
              "\"booked\"",
              "\"collected\"",
              "\"in_transit\"",
              "\"delivered\"",
              "\"cancelled\""
            ],
            "span": {
              "s": 2352,
              "e": 2419
            }
          },
          "required": true,
          "span": {
            "s": 2345,
            "e": 2428
          }
        },
        {
          "name": "declared_value",
          "constraint": {
            "kind": "Float",
            "args": [
              "0.0",
              "_"
            ],
            "span": {
              "s": 2445,
              "e": 2458
            }
          },
          "required": true,
          "span": {
            "s": 2430,
            "e": 2467
          }
        },
        {
          "name": "currency",
          "constraint": {
            "kind": "Alias",
            "args": [
              "Currency"
            ],
            "span": {
              "s": 2478,
              "e": 2486
            }
          },
          "required": true,
          "span": {
            "s": 2469,
            "e": 2495
          }
        },
        {
          "name": "weight_kg",
          "constraint": {
            "kind": "Float",
            "args": [
              "0.0",
              "40000.0"
            ],
            "span": {
              "s": 2507,
              "e": 2526
            }
          },
          "required": true,
          "span": {
            "s": 2497,
            "e": 2535
          }
        },
        {
          "name": "volume_m3",
          "constraint": {
            "kind": "Float",
            "args": [
              "0.0",
              "_"
            ],
            "span": {
              "s": 2547,
              "e": 2560
            }
          },
          "span": {
            "s": 2537,
            "e": 2560
          }
        },
        {
          "name": "collected_at",
          "constraint": {
            "kind": "Timestamp",
            "span": {
              "s": 2575,
              "e": 2584
            }
          },
          "span": {
            "s": 2562,
            "e": 2584
          }
        },
        {
          "name": "delivered_at",
          "constraint": {
            "kind": "Timestamp",
            "span": {
              "s": 2599,
              "e": 2608
            }
          },
          "span": {
            "s": 2586,
            "e": 2608
          }
        },
        {
          "name": "signature",
          "constraint": {
            "kind": "Vector",
            "args": [
              "128"
            ],
            "span": {
              "s": 2620,
              "e": 2631
            }
          },
          "anns": [
            {
              "name": "vector",
              "args": [
                {
                  "kind": "ident",
                  "text": "cosine",
                  "span": {
                    "s": 2640,
                    "e": 2646
                  }
                }
              ],
              "has_parens": true,
              "span": {
                "s": 2632,
                "e": 2647
              }
            }
          ],
          "span": {
            "s": 2610,
            "e": 2647
          }
        }
      ],
      "rels": [
        {
          "kind": "assoc",
          "name": "TRAVELS",
          "name_span": {
            "s": 2654,
            "e": 2661
          },
          "target": {
            "name": "Route",
            "span": {
              "s": 2668,
              "e": 2673
            }
          },
          "span": {
            "s": 2650,
            "e": 2673
          }
        },
        {
          "kind": "assoc",
          "name": "HANDLED_BY",
          "name_span": {
            "s": 2679,
            "e": 2689
          },
          "target": {
            "name": "Organisation",
            "span": {
              "s": 2696,
              "e": 2708
            }
          },
          "span": {
            "s": 2675,
            "e": 2708
          }
        },
        {
          "kind": "comp",
          "name": "PARCELS",
          "name_span": {
            "s": 2714,
            "e": 2721
          },
          "target": {
            "name": "Parcel",
            "span": {
              "s": 2729,
              "e": 2735
            }
          },
          "optional": true,
          "many": true,
          "span": {
            "s": 2710,
            "e": 2735
          }
        }
      ],
      "type_anns": [
        {
          "name": "index",
          "args": [
            {
              "kind": "ident",
              "text": "status",
              "span": {
                "s": 2746,
                "e": 2752
              }
            },
            {
              "kind": "ident",
              "text": "collected_at",
              "span": {
                "s": 2754,
                "e": 2766
              }
            }
          ],
          "has_parens": true,
          "span": {
            "s": 2738,
            "e": 2767
          }
        }
      ],
      "invariants": [
        {
          "msg": "\"a delivered shipment was collected\"",
          "expr": "(|| (!= (p \"status\") \"delivered\") (!= (p \"collected_at\") nil))",
          "expr_span": {
            "s": 2809,
            "e": 2853
          },
          "span": {
            "s": 2770,
            "e": 2853
          }
        },
        {
          "msg": "\"a cancelled shipment was never delivered\"",
          "expr": "(|| (!= (p \"status\") \"cancelled\") (== (p \"delivered_at\") nil))",
          "expr_span": {
            "s": 2900,
            "e": 2944
          },
          "span": {
            "s": 2855,
            "e": 2944
          }
        },
        {
          "msg": "\"declared value is not negative\"",
          "expr": "(\u003e= (p \"declared_value\") 0)",
          "expr_span": {
            "s": 2981,
            "e": 3002
          },
          "span": {
            "s": 2946,
            "e": 3002
          }
        },
        {
          "msg": "\"weight is positive\"",
          "expr": "(\u003e (p \"weight_kg\") 0)",
          "expr_span": {
            "s": 3027,
            "e": 3042
          },
          "span": {
            "s": 3004,
            "e": 3042
          }
        }
      ],
      "span": {
        "s": 2224,
        "e": 3044
      }
    },
    {
      "name": "Parcel",
      "name_span": {
        "s": 3056,
        "e": 3062
      },
      "part": true,
      "props": [
        {
          "name": "parcel_id",
          "constraint": {
            "kind": "String",
            "span": {
              "s": 3076,
              "e": 3082
            }
          },
          "primary": true,
          "span": {
            "s": 3066,
            "e": 3090
          }
        },
        {
          "name": "ordinal",
          "constraint": {
            "kind": "Integer",
            "args": [
              "1",
              "_"
            ],
            "span": {
              "s": 3100,
              "e": 3113
            }
          },
          "required": true,
          "span": {
            "s": 3092,
            "e": 3122
          }
        },
        {
          "name": "weight_kg",
          "constraint": {
            "kind": "Float",
            "args": [
              "0.0",
              "1000.0"
            ],
            "span": {
              "s": 3134,
              "e": 3152
            }
          },
          "required": true,
          "span": {
            "s": 3124,
            "e": 3161
          }
        },
        {
          "name": "fragile",
          "constraint": {
            "kind": "Boolean",
            "span": {
              "s": 3171,
              "e": 3178
            }
          },
          "required": true,
          "span": {
            "s": 3163,
            "e": 3187
          }
        },
        {
          "name": "barcode",
          "constraint": {
            "kind": "Pattern",
            "args": [
              "\"^[0-9]{12,14}$\""
            ],
            "span": {
              "s": 3197,
              "e": 3222
            }
          },
          "required": true,
          "span": {
            "s": 3189,
            "e": 3231
          }
        }
      ],
      "invariants": [
        {
          "msg": "\"a parcel weighs something\"",
          "expr": "(\u003e (p \"weight_kg\") 0)",
          "expr_span": {
            "s": 3264,
            "e": 3279
          },
          "span": {
            "s": 3234,
            "e": 3279
          }
        }
      ],
      "span": {
        "s": 3046,
        "e": 3281
      }
    },
    {
      "name": "Event",
      "name_span": {
        "s": 3288,
        "e": 3293
      },
      "extends": [
        {
          "name": "Timestamped",
          "span": {
            "s": 3302,
            "e": 3313
          }
        }
      ],
      "props": [
        {
          "name": "event_id",
          "constraint": {
            "kind": "String",
            "span": {
              "s": 3326,
              "e": 3332
            }
          },
          "primary": true,
          "span": {
            "s": 3317,
            "e": 3340
          }
        },
        {
          "name": "kind",
          "constraint": {
            "kind": "Enum",
            "args": [
              "\"scan\"",
              "\"exception\"",
              "\"handover\"",
              "\"customs\""
            ],
            "span": {
              "s": 3347,
              "e": 3395
            }
          },
          "required": true,
          "span": {
            "s": 3342,
            "e": 3404
          }
        },
        {
          "name": "recorded_at",
          "constraint": {
            "kind": "Timestamp",
            "span": {
              "s": 3418,
              "e": 3427
            }
          },
          "required": true,
          "anns": [
            {
              "name": "index",
              "span": {
                "s": 3437,
                "e": 3443
              }
            }
          ],
          "span": {
            "s": 3406,
            "e": 3443
          }
        },
        {
          "name": "location",
          "constraint": {
            "kind": "Alias",
            "args": [
              "Slug"
            ],
            "span": {
              "s": 3454,
              "e": 3458
            }
          },
          "anns": [
            {
              "name": "index",
              "span": {
                "s": 3459,
                "e": 3465
              }
            }
          ],
          "span": {
            "s": 3445,
            "e": 3465
          }
        },
        {
          "name": "note",
          "constraint": {
            "kind": "String",
            "args": [
              "0",
              "500"
            ],
            "span": {
              "s": 3472,
              "e": 3486
            }
          },
          "span": {
            "s": 3467,
            "e": 3486
          }
        }
      ],
      "rels": [
        {
          "kind": "assoc",
          "name": "CONCERNS",
          "name_span": {
            "s": 3493,
            "e": 3501
          },
          "target": {
            "name": "Shipment",
            "span": {
              "s": 3508,
              "e": 3516
            }
          },
          "span": {
            "s": 3489,
            "e": 3516
          }
        }
      ],
      "type_anns": [
        {
          "name": "index",
          "args": [
            {
              "kind": "ident",
              "text": "kind",
              "span": {
                "s": 3527,
                "e": 3531
              }
            },
            {
              "kind": "ident",
              "text": "recorded_at",
              "span": {
                "s": 3533,
                "e": 3544
              }
            }
          ],
          "has_parens": true,
          "span": {
            "s": 3519,
            "e": 3545
          }
        }
      ],
      "invariants": [
        {
          "msg": "\"an exception carries a note\"",
          "expr": "(|| (!= (p \"kind\") \"exception\") (\u003e (Len (p \"note\") (args ) (params ) nil) 0))",
          "expr_span": {
            "s": 3580,
            "e": 3618
          },
          "span": {
            "s": 3548,
            "e": 3618
          }
        }
      ],
      "span": {
        "s": 3283,
        "e": 3620
      }
    },
    {
      "name": "Tariff",
      "name_span": {
        "s": 3627,
        "e": 3633
      },
      "extends": [
        {
          "name": "Timestamped",
          "span": {
            "s": 3642,
            "e": 3653
          }
        }
      ],
      "props": [
        {
          "name": "tariff_id",
          "constraint": {
            "kind": "String",
            "span": {
              "s": 3667,
              "e": 3673
            }
          },
          "primary": true,
          "span": {
            "s": 3657,
            "e": 3681
          }
        },
        {
          "name": "currency",
          "constraint": {
            "kind": "Alias",
            "args": [
              "Currency"
            ],
            "span": {
              "s": 3692,
              "e": 3700
            }
          },
          "required": true,
          "span": {
            "s": 3683,
            "e": 3709
          }
        },
        {
          "name": "base_rate",
          "constraint": {
            "kind": "Float",
            "args": [
              "0.0",
              "_"
            ],
            "span": {
              "s": 3721,
              "e": 3734
            }
          },
          "required": true,
          "span": {
            "s": 3711,
            "e": 3743
          }
        },
        {
          "name": "per_kg",
          "constraint": {
            "kind": "Float",
            "args": [
              "0.0",
              "_"
            ],
            "span": {
              "s": 3752,
              "e": 3765
            }
          },
          "required": true,
          "span": {
            "s": 3745,
            "e": 3774
          }
        },
        {
          "name": "per_km",
          "constraint": {
            "kind": "Float",
            "args": [
              "0.0",
              "_"
            ],
            "span": {
              "s": 3783,
              "e": 3796
            }
          },
          "required": true,
          "span": {
            "s": 3776,
            "e": 3805
          }
        },
        {
          "name": "minimum",
          "constraint": {
            "kind": "Float",
            "args": [
              "0.0",
              "_"
            ],
            "span": {
              "s": 3815,
              "e": 3828
            }
          },
          "required": true,
          "span": {
            "s": 3807,
            "e": 3837
          }
        },
        {
          "name": "surcharge",
          "constraint": {
            "kind": "Alias",
            "args": [
              "Fraction"
            ],
            "span": {
              "s": 3849,
              "e": 3857
            }
          },
          "required": true,
          "span": {
            "s": 3839,
            "e": 3866
          }
        },
        {
          "name": "effective_from",
          "constraint": {
            "kind": "Date",
            "span": {
              "s": 3883,
              "e": 3887
            }
          },
          "required": true,
          "span": {
            "s": 3868,
            "e": 3896
          }
        },
        {
          "name": "effective_to",
          "constraint": {
            "kind": "Date",
            "span": {
              "s": 3911,
              "e": 3915
            }
          },
          "span": {
            "s": 3898,
            "e": 3915
          }
        }
      ],
      "rels": [
        {
          "kind": "assoc",
          "name": "APPLIES_TO",
          "name_span": {
            "s": 3922,
            "e": 3932
          },
          "target": {
            "name": "Route",
            "span": {
              "s": 3940,
              "e": 3945
            }
          },
          "optional": true,
          "many": true,
          "span": {
            "s": 3918,
            "e": 3945
          }
        }
      ],
      "invariants": [
        {
          "msg": "\"the minimum is not below the base rate\"",
          "expr": "(\u003e= (p \"minimum\") 0)",
          "expr_span": {
            "s": 3991,
            "e": 4005
          },
          "span": {
            "s": 3948,
            "e": 4005
          }
        },
        {
          "msg": "\"the surcharge is a fraction\"",
          "expr": "(\u0026\u0026 (\u003e= (p \"surcharge\") 0) (\u003c= (p \"surcharge\") 1))",
          "expr_span": {
            "s": 4039,
            "e": 4075
          },
          "span": {
            "s": 4007,
            "e": 4075
          }
        },
        {
          "msg": "\"rates are not negative\"",
          "expr": "(\u0026\u0026 (\u003e= (p \"per_kg\") 0) (\u003e= (p \"per_km\") 0))",
          "expr_span": {
            "s": 4104,
            "e": 4134
          },
          "span": {
            "s": 4077,
            "e": 4134
          }
        }
      ],
      "span": {
        "s": 3622,
        "e": 4136
      }
    },
    {
      "name": "Contact",
      "name_span": {
        "s": 4143,
        "e": 4150
      },
      "extends": [
        {
          "name": "Identified",
          "span": {
            "s": 4159,
            "e": 4169
          }
        }
      ],
      "props": [
        {
          "name": "contact_id",
          "constraint": {
            "kind": "String",
            "span": {
              "s": 4184,
              "e": 4190
            }
          },
          "primary": true,
          "span": {
            "s": 4173,
            "e": 4198
          }
        },
        {
          "name": "full_name",
          "constraint": {
            "kind": "String",
            "args": [
              "1",
              "200"
            ],
            "span": {
              "s": 4210,
              "e": 4224
            }
          },
          "required": true,
          "span": {
            "s": 4200,
            "e": 4233
          }
        },
        {
          "name": "email",
          "constraint": {
            "kind": "Pattern",
            "args": [
              "\"^[^@]+@[^@]+$\""
            ],
            "span": {
              "s": 4241,
              "e": 4265
            }
          },
          "required": true,
          "anns": [
            {
              "name": "index",
              "span": {
                "s": 4275,
                "e": 4281
              }
            }
          ],
          "span": {
            "s": 4235,
            "e": 4281
          }
        },
        {
          "name": "phone",
          "constraint": {
            "kind": "String",
            "args": [
              "0",
              "40"
            ],
            "span": {
              "s": 4289,
              "e": 4302
            }
          },
          "span": {
            "s": 4283,
            "e": 4302
          }
        },
        {
          "name": "preferred",
          "constraint": {
            "kind": "Boolean",
            "span": {
              "s": 4314,
              "e": 4321
            }
          },
          "required": true,
          "span": {
            "s": 4304,
            "e": 4330
          }
        }
      ],
      "rels": [
        {
          "kind": "assoc",
          "name": "WORKS_FOR",
          "name_span": {
            "s": 4337,
            "e": 4346
          },
          "target": {
            "name": "Organisation",
            "span": {
              "s": 4353,
              "e": 4365
            }
          },
          "span": {
            "s": 4333,
            "e": 4365
          }
        }
      ],
      "invariants": [
        {
          "msg": "\"a contact is reachable\"",
          "expr": "(\u003e (Len (p \"email\") (args ) (params ) nil) 0)",
          "expr_span": {
            "s": 4395,
            "e": 4411
          },
          "span": {
            "s": 4368,
            "e": 4411
          }
        }
      ],
      "span": {
        "s": 4138,
        "e": 4413
      }
    }
  ]
}
