{
	"yammm_snapshot": {
		"version": 4,
		"schema_name": "wiretest",
		"schema_source": "string://wiretest.yammm",
		"schema_hash": "sha256:ff5bbea4096a7e2824243105303ca05d9b0e0b4cdbb2a5d4a13d6abfa29f89a8",
		"schema_hash_algorithm": 3,
		"integrity_hash": "sha256:642489f6af97de44fafe733e7c428770d10b47f3feb40ca68d5a9a0ffb04c6ef",
		"features": [],
		"attestation": {
			"values": false,
			"associations": true
		}
	},
	"types": [
		{
			"schema": "wiretest",
			"name": "Part"
		},
		{
			"schema": "wiretest",
			"name": "Sensor"
		},
		{
			"schema": "wiretest",
			"name": "Station"
		}
	],
	"instances": [
		{
			"type": 1,
			"items": [
				{
					"key": [
						"s1"
					],
					"properties": {
						"embedding": [
							0.25,
							1.0,
							2.0
						],
						"id": "s1",
						"reading": 1860000.0,
						"samples": [
							1.0,
							2.5
						],
						"scale": 5.0
					},
					"edges": {
						"FEED": [
							{
								"target_type": 2,
								"target_key": [
									"st1"
								],
								"properties": {
									"gain": 2.0
								}
							}
						]
					},
					"composed": {
						"PARTS": [
							{
								"key": [
									"p1"
								],
								"type": 0,
								"properties": {
									"name": "p1",
									"weight": 3.0
								},
								"provenance": null
							}
						]
					},
					"provenance": null
				},
				{
					"key": [
						"s2"
					],
					"properties": {
						"embedding": [
							0.25,
							1.0,
							2.0
						],
						"id": "s2",
						"reading": 6.0,
						"samples": [
							8.0
						],
						"scale": 5.0
					},
					"provenance": null
				}
			]
		},
		{
			"type": 2,
			"items": [
				{
					"key": [
						"st1"
					],
					"properties": {
						"id": "st1"
					},
					"provenance": null
				}
			]
		}
	],
	"diagnostics": {
		"duplicates": [
			{
				"type": 1,
				"key": [
					"s1"
				],
				"instance": {
					"key": [
						"s1"
					],
					"properties": {
						"embedding": [
							0.25,
							1.0,
							2.0
						],
						"id": "s1",
						"reading": 7.0,
						"samples": [
							4.0
						],
						"scale": 5.0
					},
					"provenance": null
				},
				"conflict": {
					"type": 1,
					"key": [
						"s1"
					]
				}
			}
		],
		"unresolved": [
			{
				"source_type": 1,
				"source_key": [
					"s2"
				],
				"relation": "FEED",
				"target_type": 2,
				"target_key": [
					"ghost"
				],
				"required": false,
				"reason": "target_missing",
				"properties": {
					"gain": 2.0
				}
			}
		]
	}
}