[
  {
    "Code": "E_PARTIAL_COMPOSITE_FK",
    "Details": [
      {
        "Key": "relation",
        "Value": "ENROLLMENT"
      },
      {
        "Key": "expected",
        "Value": "_target_region, _target_studentId"
      },
      {
        "Key": "got",
        "Value": "_target_region"
      }
    ],
    "Severity": "error"
  }
]
