[
  {
    "Code": "E_MISSING_FK_TARGET",
    "Details": [
      {
        "Key": "relation",
        "Value": "EMPLOYER"
      },
      {
        "Key": "expected",
        "Value": "_target_id"
      }
    ],
    "Severity": "error"
  },
  {
    "Code": "E_UNKNOWN_EDGE_FIELD",
    "Details": [
      {
        "Key": "relation",
        "Value": "EMPLOYER"
      },
      {
        "Key": "field",
        "Value": "weight"
      }
    ],
    "Severity": "error"
  }
]
