{
  "name": "\"temporal\"",
  "span": {
    "s": 0,
    "e": 17
  },
  "datatypes": [
    {
      "name": "Day",
      "constraint": {
        "kind": "Date",
        "span": {
          "s": 32,
          "e": 36
        }
      },
      "span": {
        "s": 19,
        "e": 36
      }
    },
    {
      "name": "Stamp",
      "constraint": {
        "kind": "Timestamp",
        "span": {
          "s": 50,
          "e": 59
        }
      },
      "span": {
        "s": 37,
        "e": 59
      }
    },
    {
      "name": "Wall",
      "constraint": {
        "kind": "Timestamp",
        "args": [
          "\"2006-01-02 15:04:05\""
        ],
        "span": {
          "s": 73,
          "e": 105
        }
      },
      "span": {
        "s": 60,
        "e": 105
      }
    }
  ],
  "types": [
    {
      "name": "Reading",
      "name_span": {
        "s": 117,
        "e": 124
      },
      "part": true,
      "props": [
        {
          "name": "at",
          "constraint": {
            "kind": "Timestamp",
            "args": [
              "\"2006-01-02 15:04:05\""
            ],
            "span": {
              "s": 131,
              "e": 163
            }
          },
          "required": true,
          "span": {
            "s": 128,
            "e": 172
          }
        },
        {
          "name": "on",
          "constraint": {
            "kind": "Date",
            "span": {
              "s": 177,
              "e": 181
            }
          },
          "span": {
            "s": 174,
            "e": 181
          }
        }
      ],
      "span": {
        "s": 107,
        "e": 183
      }
    },
    {
      "name": "Casing",
      "name_span": {
        "s": 195,
        "e": 201
      },
      "part": true,
      "props": [
        {
          "name": "serial",
          "constraint": {
            "kind": "String",
            "span": {
              "s": 212,
              "e": 218
            }
          },
          "primary": true,
          "span": {
            "s": 205,
            "e": 226
          }
        }
      ],
      "span": {
        "s": 185,
        "e": 228
      }
    },
    {
      "name": "Sensor",
      "name_span": {
        "s": 235,
        "e": 241
      },
      "props": [
        {
          "name": "id",
          "constraint": {
            "kind": "String",
            "span": {
              "s": 260,
              "e": 266
            }
          },
          "primary": true,
          "span": {
            "s": 245,
            "e": 274
          }
        },
        {
          "name": "installed",
          "constraint": {
            "kind": "Date",
            "span": {
              "s": 291,
              "e": 295
            }
          },
          "required": true,
          "span": {
            "s": 276,
            "e": 304
          }
        },
        {
          "name": "decommissioned",
          "constraint": {
            "kind": "Date",
            "span": {
              "s": 321,
              "e": 325
            }
          },
          "span": {
            "s": 306,
            "e": 325
          }
        },
        {
          "name": "created_at",
          "constraint": {
            "kind": "Timestamp",
            "span": {
              "s": 342,
              "e": 351
            }
          },
          "required": true,
          "span": {
            "s": 327,
            "e": 360
          }
        },
        {
          "name": "seen_wall",
          "constraint": {
            "kind": "Timestamp",
            "args": [
              "\"2006-01-02 15:04:05\""
            ],
            "span": {
              "s": 377,
              "e": 409
            }
          },
          "span": {
            "s": 362,
            "e": 409
          }
        },
        {
          "name": "seen_at",
          "constraint": {
            "kind": "Timestamp",
            "args": [
              "\"2006-01-02T15:04:05.000000000Z07:00\""
            ],
            "span": {
              "s": 426,
              "e": 474
            }
          },
          "required": true,
          "span": {
            "s": 411,
            "e": 483
          }
        },
        {
          "name": "day",
          "constraint": {
            "kind": "Alias",
            "args": [
              "Day"
            ],
            "span": {
              "s": 500,
              "e": 503
            }
          },
          "span": {
            "s": 485,
            "e": 503
          }
        },
        {
          "name": "stamp",
          "constraint": {
            "kind": "Alias",
            "args": [
              "Stamp"
            ],
            "span": {
              "s": 520,
              "e": 525
            }
          },
          "span": {
            "s": 505,
            "e": 525
          }
        },
        {
          "name": "wall",
          "constraint": {
            "kind": "Alias",
            "args": [
              "Wall"
            ],
            "span": {
              "s": 542,
              "e": 546
            }
          },
          "span": {
            "s": 527,
            "e": 546
          }
        },
        {
          "name": "days",
          "constraint": {
            "kind": "List",
            "elem": {
              "kind": "Date",
              "span": {
                "s": 568,
                "e": 572
              }
            },
            "span": {
              "s": 563,
              "e": 573
            }
          },
          "span": {
            "s": 548,
            "e": 573
          }
        },
        {
          "name": "walls",
          "constraint": {
            "kind": "List",
            "elem": {
              "kind": "Timestamp",
              "args": [
                "\"2006-01-02 15:04:05\""
              ],
              "span": {
                "s": 595,
                "e": 627
              }
            },
            "span": {
              "s": 590,
              "e": 628
            }
          },
          "span": {
            "s": 575,
            "e": 628
          }
        }
      ],
      "rels": [
        {
          "kind": "comp",
          "name": "HAS_READING",
          "name_span": {
            "s": 634,
            "e": 645
          },
          "target": {
            "name": "Reading",
            "span": {
              "s": 653,
              "e": 660
            }
          },
          "optional": true,
          "many": true,
          "span": {
            "s": 630,
            "e": 660
          }
        },
        {
          "kind": "comp",
          "name": "IN_CASING",
          "name_span": {
            "s": 666,
            "e": 675
          },
          "target": {
            "name": "Casing",
            "span": {
              "s": 682,
              "e": 688
            }
          },
          "span": {
            "s": 662,
            "e": 688
          }
        },
        {
          "kind": "assoc",
          "name": "FEEDS",
          "name_span": {
            "s": 694,
            "e": 699
          },
          "target": {
            "name": "Sensor",
            "span": {
              "s": 706,
              "e": 712
            }
          },
          "props": [
            {
              "name": "since",
              "constraint": {
                "kind": "Timestamp",
                "args": [
                  "\"2006-01-02 15:04:05\""
                ],
                "span": {
                  "s": 723,
                  "e": 755
                }
              },
              "span": {
                "s": 717,
                "e": 755
              }
            }
          ],
          "span": {
            "s": 690,
            "e": 758
          }
        }
      ],
      "span": {
        "s": 230,
        "e": 760
      }
    }
  ]
}
