{
  "name": "\"seeded\"",
  "span": {
    "s": 0,
    "e": 15
  },
  "types": [
    {
      "name": "Alpha",
      "name_span": {
        "s": 22,
        "e": 27
      },
      "props": [
        {
          "name": "id",
          "constraint": {
            "kind": "String",
            "span": {
              "s": 34,
              "e": 40
            }
          },
          "primary": true,
          "span": {
            "s": 31,
            "e": 48
          }
        }
      ],
      "rels": [
        {
          "kind": "assoc",
          "name": "r",
          "name_span": {
            "s": 54,
            "e": 55
          },
          "target": {
            "name": "Beta",
            "span": {
              "s": 56,
              "e": 60
            }
          },
          "optional": true,
          "reverse_optional": true,
          "span": {
            "s": 50,
            "e": 60
          }
        }
      ],
      "span": {
        "s": 17,
        "e": 64
      }
    },
    {
      "name": "Beta",
      "name_span": {
        "s": 71,
        "e": 75
      },
      "props": [
        {
          "name": "id",
          "constraint": {
            "kind": "String",
            "span": {
              "s": 82,
              "e": 88
            }
          },
          "primary": true,
          "span": {
            "s": 79,
            "e": 96
          }
        }
      ],
      "span": {
        "s": 66,
        "e": 98
      }
    }
  ],
  "diags": [
    {
      "code": "E_SYNTAX",
      "severity": "error",
      "msg": "unexpected token \"/\" in a type body",
      "span": {
        "s": 61,
        "e": 62
      },
      "line": 5,
      "end_line": 5
    }
  ]
}
