{
  "name": "\"seeded\"",
  "span": {
    "s": 0,
    "e": 15
  },
  "types": [
    {
      "name": "Alpha",
      "name_span": {
        "s": 22,
        "e": 27
      },
      "props": [
        {
          "name": "id",
          "constraint": {
            "kind": "String",
            "span": {
              "s": 34,
              "e": 40
            }
          },
          "primary": true,
          "span": {
            "s": 31,
            "e": 48
          }
        },
        {
          "name": "n",
          "constraint": {
            "kind": "Integer",
            "span": {
              "s": 52,
              "e": 59
            }
          },
          "span": {
            "s": 50,
            "e": 59
          }
        },
        {
          "name": "zz",
          "constraint": {
            "kind": "String",
            "span": {
              "s": 72,
              "e": 78
            }
          },
          "span": {
            "s": 69,
            "e": 78
          }
        },
        {
          "name": "ww",
          "constraint": {
            "kind": "Integer",
            "span": {
              "s": 83,
              "e": 90
            }
          },
          "span": {
            "s": 80,
            "e": 90
          }
        }
      ],
      "span": {
        "s": 17,
        "e": 92
      }
    }
  ],
  "diags": [
    {
      "code": "E_SYNTAX",
      "severity": "error",
      "msg": "unexpected token \"[\" in a type body",
      "span": {
        "s": 59,
        "e": 60
      },
      "line": 5,
      "end_line": 5
    }
  ]
}
