{
  "name": "\"seeded\"",
  "span": {
    "s": 0,
    "e": 15
  },
  "types": [
    {
      "name": "Alpha",
      "name_span": {
        "s": 22,
        "e": 27
      },
      "props": [
        {
          "name": "id",
          "constraint": {
            "kind": "String",
            "span": {
              "s": 34,
              "e": 40
            }
          },
          "primary": true,
          "span": {
            "s": 31,
            "e": 48
          }
        },
        {
          "name": "t",
          "constraint": {
            "kind": "Timestamp",
            "span": {
              "s": 52,
              "e": 61
            }
          },
          "span": {
            "s": 50,
            "e": 61
          }
        }
      ],
      "span": {
        "s": 17,
        "e": 67
      }
    }
  ],
  "diags": [
    {
      "code": "E_SYNTAX",
      "severity": "error",
      "msg": "unexpected token \"[\" in a type body",
      "span": {
        "s": 61,
        "e": 62
      },
      "line": 5,
      "end_line": 5
    }
  ]
}
