{
  "name": "\"beacons\"",
  "span": {
    "s": 0,
    "e": 16
  },
  "imports": [
    {
      "path": "\"./lib/mid\"",
      "alias": "mid",
      "span": {
        "s": 18,
        "e": 43
      }
    }
  ],
  "types": [
    {
      "name": "Tower",
      "name_span": {
        "s": 50,
        "e": 55
      },
      "props": [
        {
          "name": "id",
          "constraint": {
            "kind": "String",
            "span": {
              "s": 62,
              "e": 68
            }
          },
          "primary": true,
          "span": {
            "s": 59,
            "e": 76
          }
        }
      ],
      "rels": [
        {
          "kind": "assoc",
          "name": "RELAYS",
          "name_span": {
            "s": 82,
            "e": 88
          },
          "target": {
            "qualifier": "mid",
            "name": "Relay",
            "span": {
              "s": 95,
              "e": 104
            }
          },
          "span": {
            "s": 78,
            "e": 104
          }
        }
      ],
      "span": {
        "s": 45,
        "e": 106
      }
    }
  ]
}
