{
  "name": "\"wo_shadow_test\"",
  "span": {
    "s": 0,
    "e": 23
  },
  "types": [
    {
      "name": "Tracked",
      "name_span": {
        "s": 39,
        "e": 46
      },
      "abstract": true,
      "props": [
        {
          "name": "first_seen",
          "constraint": {
            "kind": "Timestamp",
            "span": {
              "s": 64,
              "e": 73
            }
          },
          "required": true,
          "anns": [
            {
              "name": "writeOnce",
              "span": {
                "s": 83,
                "e": 93
              }
            }
          ],
          "span": {
            "s": 53,
            "e": 93
          }
        }
      ],
      "span": {
        "s": 25,
        "e": 95
      }
    },
    {
      "name": "Shadowed",
      "name_span": {
        "s": 102,
        "e": 110
      },
      "extends": [
        {
          "name": "Tracked",
          "span": {
            "s": 119,
            "e": 126
          }
        }
      ],
      "props": [
        {
          "name": "id",
          "constraint": {
            "kind": "String",
            "span": {
              "s": 144,
              "e": 150
            }
          },
          "primary": true,
          "span": {
            "s": 133,
            "e": 161
          }
        },
        {
          "name": "first_seen",
          "constraint": {
            "kind": "Timestamp",
            "span": {
              "s": 177,
              "e": 186
            }
          },
          "required": true,
          "span": {
            "s": 166,
            "e": 195
          }
        }
      ],
      "span": {
        "s": 97,
        "e": 197
      }
    }
  ]
}
