{
  "name": "\"write_test\"",
  "span": {
    "s": 0,
    "e": 19
  },
  "types": [
    {
      "name": "Publisher",
      "name_span": {
        "s": 26,
        "e": 35
      },
      "props": [
        {
          "name": "publisher_id",
          "constraint": {
            "kind": "String",
            "span": {
              "s": 57,
              "e": 63
            }
          },
          "primary": true,
          "span": {
            "s": 42,
            "e": 71
          }
        },
        {
          "name": "name",
          "constraint": {
            "kind": "String",
            "span": {
              "s": 88,
              "e": 94
            }
          },
          "required": true,
          "span": {
            "s": 76,
            "e": 103
          }
        },
        {
          "name": "state",
          "constraint": {
            "kind": "String",
            "span": {
              "s": 120,
              "e": 126
            }
          },
          "span": {
            "s": 108,
            "e": 126
          }
        }
      ],
      "rels": [
        {
          "kind": "assoc",
          "name": "PUBLISHES",
          "name_span": {
            "s": 135,
            "e": 144
          },
          "target": {
            "name": "Book",
            "span": {
              "s": 154,
              "e": 158
            }
          },
          "optional": true,
          "many": true,
          "reverse_optional": true,
          "span": {
            "s": 131,
            "e": 158
          }
        }
      ],
      "span": {
        "s": 21,
        "e": 160
      }
    },
    {
      "name": "Book",
      "name_span": {
        "s": 167,
        "e": 171
      },
      "props": [
        {
          "name": "publisher_id",
          "constraint": {
            "kind": "String",
            "span": {
              "s": 191,
              "e": 197
            }
          },
          "primary": true,
          "span": {
            "s": 178,
            "e": 205
          }
        },
        {
          "name": "book_id",
          "constraint": {
            "kind": "String",
            "span": {
              "s": 219,
              "e": 225
            }
          },
          "primary": true,
          "span": {
            "s": 210,
            "e": 233
          }
        },
        {
          "name": "title",
          "constraint": {
            "kind": "String",
            "span": {
              "s": 248,
              "e": 254
            }
          },
          "required": true,
          "span": {
            "s": 238,
            "e": 263
          }
        },
        {
          "name": "amount",
          "constraint": {
            "kind": "Float",
            "span": {
              "s": 278,
              "e": 283
            }
          },
          "span": {
            "s": 268,
            "e": 283
          }
        },
        {
          "name": "tags",
          "constraint": {
            "kind": "List",
            "elem": {
              "kind": "String",
              "span": {
                "s": 303,
                "e": 309
              }
            },
            "span": {
              "s": 298,
              "e": 310
            }
          },
          "span": {
            "s": 288,
            "e": 310
          }
        }
      ],
      "rels": [
        {
          "kind": "assoc",
          "name": "BY_PUBLISHER",
          "name_span": {
            "s": 319,
            "e": 331
          },
          "target": {
            "name": "Publisher",
            "span": {
              "s": 340,
              "e": 349
            }
          },
          "optional": true,
          "reverse_optional": true,
          "span": {
            "s": 315,
            "e": 349
          }
        }
      ],
      "span": {
        "s": 162,
        "e": 351
      }
    }
  ]
}
